// Jest Snapshot v1, https://jestjs.io/docs/snapshot-testing

exports[`Pruebas en <AddCategory /> debe hacer match con el snapshot 1`] = `
<div>
  <form
    aria-label="form"
    class="w-full"
  >
    <input
      placeholder="Buscar Gifs"
      type="text"
      value=""
    />
  </form>
</div>
`;
